2025-04-30 13:55:20,887 - INFO - Database connection established
2025-04-30 13:55:20,950 - INFO - Database tables created successfully
2025-04-30 13:55:21,222 - WARNING - No face encodings found in face_data/7736/2.jpg
2025-04-30 13:55:21,246 - WARNING - No face encodings found in face_data/7736/3.jpg
2025-04-30 13:55:21,271 - WARNING - No face encodings found in face_data/7736/1.jpg
2025-04-30 13:55:21,272 - WARNING - No face encodings found in face_data/7736/0.jpg
2025-04-30 13:55:21,279 - WARNING - No face encodings found in face_data/009/8.jpg
2025-04-30 13:55:21,285 - WARNING - No face encodings found in face_data/009/9.jpg
2025-04-30 13:55:21,287 - WARNING - No face encodings found in face_data/009/4.jpg
2025-04-30 13:55:21,293 - WARNING - No face encodings found in face_data/009/5.jpg
2025-04-30 13:55:21,298 - WARNING - No face encodings found in face_data/009/7.jpg
2025-04-30 13:55:21,302 - WARNING - No face encodings found in face_data/009/6.jpg
2025-04-30 13:55:21,357 - WARNING - No face encodings found in face_data/009/3.jpg
2025-04-30 13:55:21,403 - WARNING - No face encodings found in face_data/009/0.jpg
2025-04-30 13:55:21,440 - WARNING - No face encodings found in face_data/5588/9.jpg
2025-04-30 13:55:21,477 - WARNING - No face encodings found in face_data/5588/5.jpg
2025-04-30 13:55:21,479 - WARNING - No face encodings found in face_data/5588/7.jpg
2025-04-30 13:55:21,554 - WARNING - No face encodings found in face_data/5588/3.jpg
2025-04-30 13:55:21,589 - WARNING - No face encodings found in face_data/5588/0.jpg
2025-04-30 13:55:22,138 - WARNING - No face encodings found in face_data/0102/8.jpg
2025-04-30 13:55:22,193 - WARNING - No face encodings found in face_data/0102/4.jpg
2025-04-30 13:55:22,195 - WARNING - No face encodings found in face_data/0102/5.jpg
2025-04-30 13:55:22,198 - WARNING - No face encodings found in face_data/0102/7.jpg
2025-04-30 13:55:22,200 - WARNING - No face encodings found in face_data/0102/6.jpg
2025-04-30 13:55:22,203 - WARNING - No face encodings found in face_data/0102/2.jpg
2025-04-30 13:55:22,204 - WARNING - No face encodings found in face_data/0102/3.jpg
2025-04-30 13:55:22,207 - WARNING - No face encodings found in face_data/0102/1.jpg
2025-04-30 13:55:22,209 - WARNING - No face encodings found in face_data/0102/0.jpg
2025-04-30 13:55:22,676 - INFO - Loaded 34 known faces from 6 students
2025-04-30 13:55:40,676 - INFO - User logged out
2025-04-30 13:55:49,593 - INFO - Login attempt: faculty, Admin, Failed
2025-04-30 13:55:51,175 - WARNING - Failed login attempt for faculty (Admin)
2025-04-30 13:55:53,186 - INFO - Login attempt: faculty, Faculty, Success
2025-04-30 13:55:54,424 - INFO - User faculty (Faculty) logged in successfully
2025-04-30 13:55:56,571 - INFO - User logged out
2025-04-30 13:56:20,067 - INFO - Login attempt: faculty, Faculty, Success
2025-04-30 13:56:21,859 - INFO - User faculty (Faculty) logged in successfully
2025-04-30 13:56:29,592 - INFO - Starting face recognition for attendance
2025-04-30 13:56:41,044 - INFO - Confident recognition of 009 after 5 detections
2025-04-30 13:56:41,105 - INFO - Attendance marked for 009 by faculty faculty
2025-04-30 13:56:41,105 - INFO - Attendance marked for 009 by faculty faculty
2025-04-30 13:56:43,192 - INFO - Attendance marked for students: 009
2025-04-30 13:56:50,152 - INFO - User logged out
2025-04-30 13:57:06,712 - INFO - Login attempt: faculty, Faculty, Success
2025-04-30 13:57:08,121 - INFO - User faculty (Faculty) logged in successfully
2025-04-30 14:03:47,575 - INFO - User logged out
2025-04-30 14:04:01,838 - INFO - Login attempt: admin, Admin, Success
2025-04-30 14:04:03,074 - INFO - User admin (Admin) logged in successfully
2025-04-30 14:06:55,346 - INFO - User logged out
2025-04-30 14:07:08,133 - INFO - Database connection established
2025-04-30 14:07:08,137 - INFO - Database tables created successfully
2025-04-30 14:07:08,388 - WARNING - No face encodings found in face_data/7736/2.jpg
2025-04-30 14:07:08,411 - WARNING - No face encodings found in face_data/7736/3.jpg
2025-04-30 14:07:08,434 - WARNING - No face encodings found in face_data/7736/1.jpg
2025-04-30 14:07:08,435 - WARNING - No face encodings found in face_data/7736/0.jpg
2025-04-30 14:07:08,442 - WARNING - No face encodings found in face_data/009/8.jpg
2025-04-30 14:07:08,447 - WARNING - No face encodings found in face_data/009/9.jpg
2025-04-30 14:07:08,449 - WARNING - No face encodings found in face_data/009/4.jpg
2025-04-30 14:07:08,455 - WARNING - No face encodings found in face_data/009/5.jpg
2025-04-30 14:07:08,460 - WARNING - No face encodings found in face_data/009/7.jpg
2025-04-30 14:07:08,464 - WARNING - No face encodings found in face_data/009/6.jpg
2025-04-30 14:07:08,513 - WARNING - No face encodings found in face_data/009/3.jpg
2025-04-30 14:07:08,559 - WARNING - No face encodings found in face_data/009/0.jpg
2025-04-30 14:07:08,595 - WARNING - No face encodings found in face_data/5588/9.jpg
2025-04-30 14:07:08,631 - WARNING - No face encodings found in face_data/5588/5.jpg
2025-04-30 14:07:08,633 - WARNING - No face encodings found in face_data/5588/7.jpg
2025-04-30 14:07:08,706 - WARNING - No face encodings found in face_data/5588/3.jpg
2025-04-30 14:07:08,750 - WARNING - No face encodings found in face_data/5588/0.jpg
2025-04-30 14:07:09,315 - WARNING - No face encodings found in face_data/0102/8.jpg
2025-04-30 14:07:09,371 - WARNING - No face encodings found in face_data/0102/4.jpg
2025-04-30 14:07:09,373 - WARNING - No face encodings found in face_data/0102/5.jpg
2025-04-30 14:07:09,376 - WARNING - No face encodings found in face_data/0102/7.jpg
2025-04-30 14:07:09,378 - WARNING - No face encodings found in face_data/0102/6.jpg
2025-04-30 14:07:09,379 - WARNING - No face encodings found in face_data/0102/2.jpg
2025-04-30 14:07:09,381 - WARNING - No face encodings found in face_data/0102/3.jpg
2025-04-30 14:07:09,382 - WARNING - No face encodings found in face_data/0102/1.jpg
2025-04-30 14:07:09,384 - WARNING - No face encodings found in face_data/0102/0.jpg
2025-04-30 14:07:09,847 - INFO - Loaded 34 known faces from 6 students
2025-04-30 14:07:22,209 - INFO - Login attempt: faculty, Faculty, Success
2025-04-30 14:07:23,409 - INFO - User faculty (Faculty) logged in successfully
2025-04-30 14:09:49,520 - INFO - User logged out
2025-04-30 14:09:58,820 - INFO - Login attempt: admin, Admin, Success
2025-04-30 14:10:00,119 - INFO - User admin (Admin) logged in successfully
2025-04-30 14:14:30,999 - INFO - Database connection established
2025-04-30 14:14:30,999 - ERROR - Initialization error: 'Database' object has no attribute 'create_tables'
2025-04-30 14:19:07,459 - INFO - Database connection established
2025-04-30 14:19:09,341 - INFO - Database tables created successfully
2025-04-30 14:19:09,703 - WARNING - No face encodings found in face_data/7736/2.jpg
2025-04-30 14:19:09,729 - WARNING - No face encodings found in face_data/7736/3.jpg
2025-04-30 14:19:09,757 - WARNING - No face encodings found in face_data/7736/1.jpg
2025-04-30 14:19:09,758 - WARNING - No face encodings found in face_data/7736/0.jpg
2025-04-30 14:19:09,765 - WARNING - No face encodings found in face_data/009/8.jpg
2025-04-30 14:19:09,772 - WARNING - No face encodings found in face_data/009/9.jpg
2025-04-30 14:19:09,774 - WARNING - No face encodings found in face_data/009/4.jpg
2025-04-30 14:19:09,780 - WARNING - No face encodings found in face_data/009/5.jpg
2025-04-30 14:19:09,785 - WARNING - No face encodings found in face_data/009/7.jpg
2025-04-30 14:19:09,789 - WARNING - No face encodings found in face_data/009/6.jpg
2025-04-30 14:19:09,845 - WARNING - No face encodings found in face_data/009/3.jpg
2025-04-30 14:19:09,895 - WARNING - No face encodings found in face_data/009/0.jpg
2025-04-30 14:19:09,937 - WARNING - No face encodings found in face_data/5588/9.jpg
2025-04-30 14:19:09,976 - WARNING - No face encodings found in face_data/5588/5.jpg
2025-04-30 14:19:09,978 - WARNING - No face encodings found in face_data/5588/7.jpg
2025-04-30 14:19:10,056 - WARNING - No face encodings found in face_data/5588/3.jpg
2025-04-30 14:19:10,093 - WARNING - No face encodings found in face_data/5588/0.jpg
2025-04-30 14:19:10,734 - WARNING - No face encodings found in face_data/0102/8.jpg
2025-04-30 14:19:10,797 - WARNING - No face encodings found in face_data/0102/4.jpg
2025-04-30 14:19:10,798 - WARNING - No face encodings found in face_data/0102/5.jpg
2025-04-30 14:19:10,801 - WARNING - No face encodings found in face_data/0102/7.jpg
2025-04-30 14:19:10,803 - WARNING - No face encodings found in face_data/0102/6.jpg
2025-04-30 14:19:10,805 - WARNING - No face encodings found in face_data/0102/2.jpg
2025-04-30 14:19:10,807 - WARNING - No face encodings found in face_data/0102/3.jpg
2025-04-30 14:19:10,808 - WARNING - No face encodings found in face_data/0102/1.jpg
2025-04-30 14:19:10,810 - WARNING - No face encodings found in face_data/0102/0.jpg
2025-04-30 14:19:11,324 - INFO - Loaded 34 known faces from 6 students
2025-04-30 14:19:13,434 - INFO - Displayed attendance for 2025-04-30
2025-04-30 14:19:30,966 - INFO - Login attempt: admin, Admin, Success
2025-04-30 14:19:32,584 - INFO - User admin (Admin) logged in successfully
2025-04-30 14:19:54,885 - INFO - User logged out
2025-04-30 14:20:04,818 - INFO - Login attempt: faculty, Faculty, Success
2025-04-30 14:20:06,499 - INFO - User faculty (Faculty) logged in successfully
2025-04-30 14:20:14,294 - INFO - Displayed attendance for 2025-04-30
2025-04-30 14:20:14,942 - INFO - Starting face recognition for attendance
2025-04-30 14:20:26,289 - INFO - Confident recognition of 2250556147 after 5 detections
2025-04-30 14:20:29,926 - ERROR - Error marking attendance: 1452 (23000): Cannot add or update a child row: a foreign key constraint fails (`attendance_system`.`tbl_attendance`, CONSTRAINT `tbl_attendance_ibfk_1` FOREIGN KEY (`rollno`) REFERENCES `tbl_student` (`S_rollno`))
2025-04-30 14:20:29,928 - ERROR - Error marking attendance for 2250556147: 1452 (23000): Cannot add or update a child row: a foreign key constraint fails (`attendance_system`.`tbl_attendance`, CONSTRAINT `tbl_attendance_ibfk_1` FOREIGN KEY (`rollno`) REFERENCES `tbl_student` (`S_rollno`))
2025-04-30 14:20:32,150 - ERROR - Foreign key error: Student 2250556147 not in tbl_student
2025-04-30 14:20:54,058 - INFO - Displayed attendance for 2025-04-30
2025-04-30 14:21:00,451 - INFO - Displayed attendance for 2025-04-28
2025-04-30 14:21:00,624 - INFO - Displayed attendance for 2025-04-28
2025-04-30 14:21:45,669 - INFO - Starting face recognition for attendance
2025-04-30 14:22:05,199 - ERROR - Failed to capture frame from webcam
2025-04-30 14:22:07,088 - ERROR - Error marking attendance: Failed to capture frame
2025-04-30 14:22:15,417 - INFO - User logged out
2025-04-30 14:27:45,441 - INFO - Database connection established
2025-04-30 14:27:45,457 - INFO - Database tables created successfully
2025-04-30 14:27:45,705 - WARNING - No face encodings found in face_data/7736/2.jpg
2025-04-30 14:27:45,727 - WARNING - No face encodings found in face_data/7736/3.jpg
2025-04-30 14:27:45,751 - WARNING - No face encodings found in face_data/7736/1.jpg
2025-04-30 14:27:45,753 - WARNING - No face encodings found in face_data/7736/0.jpg
2025-04-30 14:27:45,760 - WARNING - No face encodings found in face_data/009/8.jpg
2025-04-30 14:27:45,765 - WARNING - No face encodings found in face_data/009/9.jpg
2025-04-30 14:27:45,767 - WARNING - No face encodings found in face_data/009/4.jpg
2025-04-30 14:27:45,773 - WARNING - No face encodings found in face_data/009/5.jpg
2025-04-30 14:27:45,778 - WARNING - No face encodings found in face_data/009/7.jpg
2025-04-30 14:27:45,782 - WARNING - No face encodings found in face_data/009/6.jpg
2025-04-30 14:27:45,831 - WARNING - No face encodings found in face_data/009/3.jpg
2025-04-30 14:27:45,873 - WARNING - No face encodings found in face_data/009/0.jpg
2025-04-30 14:27:45,909 - WARNING - No face encodings found in face_data/5588/9.jpg
2025-04-30 14:27:45,944 - WARNING - No face encodings found in face_data/5588/5.jpg
2025-04-30 14:27:45,945 - WARNING - No face encodings found in face_data/5588/7.jpg
2025-04-30 14:27:46,014 - WARNING - No face encodings found in face_data/5588/3.jpg
2025-04-30 14:27:46,050 - WARNING - No face encodings found in face_data/5588/0.jpg
2025-04-30 14:27:46,565 - WARNING - No face encodings found in face_data/0102/8.jpg
2025-04-30 14:27:46,616 - WARNING - No face encodings found in face_data/0102/4.jpg
2025-04-30 14:27:46,617 - WARNING - No face encodings found in face_data/0102/5.jpg
2025-04-30 14:27:46,620 - WARNING - No face encodings found in face_data/0102/7.jpg
2025-04-30 14:27:46,622 - WARNING - No face encodings found in face_data/0102/6.jpg
2025-04-30 14:27:46,623 - WARNING - No face encodings found in face_data/0102/2.jpg
2025-04-30 14:27:46,625 - WARNING - No face encodings found in face_data/0102/3.jpg
2025-04-30 14:27:46,626 - WARNING - No face encodings found in face_data/0102/1.jpg
2025-04-30 14:27:46,628 - WARNING - No face encodings found in face_data/0102/0.jpg
2025-04-30 14:27:47,049 - INFO - Loaded 34 known faces from 6 students
2025-04-30 14:27:47,078 - ERROR - Validation error for attendance view: not enough values to unpack (expected 4, got 3)
2025-04-30 14:28:10,614 - INFO - Login attempt: faculty, Admin, Failed
2025-04-30 14:28:11,907 - WARNING - Failed login attempt for faculty (Admin)
2025-04-30 14:28:15,268 - INFO - Login attempt: faculty, Faculty, Success
2025-04-30 14:28:16,996 - INFO - User faculty (Faculty) logged in successfully
2025-04-30 14:28:19,679 - ERROR - Validation error for attendance view: not enough values to unpack (expected 4, got 3)
2025-04-30 14:28:32,054 - INFO - Starting face recognition for attendance
2025-04-30 14:28:38,271 - INFO - Confident recognition of 009 after 5 detections
2025-04-30 14:28:49,162 - INFO - Attendance marked for 009 by faculty faculty
2025-04-30 14:28:49,163 - INFO - Attendance marked for 009 by faculty faculty
2025-04-30 14:28:51,180 - INFO - Attendance marked for students: 009
2025-04-30 14:28:51,182 - ERROR - Validation error for attendance view: not enough values to unpack (expected 4, got 3)
2025-04-30 14:28:54,374 - ERROR - Validation error for attendance view: not enough values to unpack (expected 4, got 3)
2025-04-30 14:31:37,518 - INFO - Database connection established
2025-04-30 14:31:37,520 - INFO - Database tables created successfully
2025-04-30 14:31:37,750 - WARNING - No face encodings found in face_data/7736/2.jpg
2025-04-30 14:31:37,772 - WARNING - No face encodings found in face_data/7736/3.jpg
2025-04-30 14:31:37,795 - WARNING - No face encodings found in face_data/7736/1.jpg
2025-04-30 14:31:37,796 - WARNING - No face encodings found in face_data/7736/0.jpg
2025-04-30 14:31:37,802 - WARNING - No face encodings found in face_data/009/8.jpg
2025-04-30 14:31:37,808 - WARNING - No face encodings found in face_data/009/9.jpg
2025-04-30 14:31:37,810 - WARNING - No face encodings found in face_data/009/4.jpg
2025-04-30 14:31:37,816 - WARNING - No face encodings found in face_data/009/5.jpg
2025-04-30 14:31:37,820 - WARNING - No face encodings found in face_data/009/7.jpg
2025-04-30 14:31:37,824 - WARNING - No face encodings found in face_data/009/6.jpg
2025-04-30 14:31:37,872 - WARNING - No face encodings found in face_data/009/3.jpg
2025-04-30 14:31:37,913 - WARNING - No face encodings found in face_data/009/0.jpg
2025-04-30 14:31:37,946 - WARNING - No face encodings found in face_data/5588/9.jpg
2025-04-30 14:31:37,980 - WARNING - No face encodings found in face_data/5588/5.jpg
2025-04-30 14:31:37,981 - WARNING - No face encodings found in face_data/5588/7.jpg
2025-04-30 14:31:38,051 - WARNING - No face encodings found in face_data/5588/3.jpg
2025-04-30 14:31:38,087 - WARNING - No face encodings found in face_data/5588/0.jpg
2025-04-30 14:31:38,616 - WARNING - No face encodings found in face_data/0102/8.jpg
2025-04-30 14:31:38,666 - WARNING - No face encodings found in face_data/0102/4.jpg
2025-04-30 14:31:38,667 - WARNING - No face encodings found in face_data/0102/5.jpg
2025-04-30 14:31:38,670 - WARNING - No face encodings found in face_data/0102/7.jpg
2025-04-30 14:31:38,672 - WARNING - No face encodings found in face_data/0102/6.jpg
2025-04-30 14:31:38,673 - WARNING - No face encodings found in face_data/0102/2.jpg
2025-04-30 14:31:38,675 - WARNING - No face encodings found in face_data/0102/3.jpg
2025-04-30 14:31:38,676 - WARNING - No face encodings found in face_data/0102/1.jpg
2025-04-30 14:31:38,678 - WARNING - No face encodings found in face_data/0102/0.jpg
2025-04-30 14:31:39,111 - INFO - Loaded 34 known faces from 6 students
2025-04-30 14:31:39,119 - INFO - Displayed attendance for 2025-04-30
2025-04-30 14:31:49,416 - INFO - Login attempt: faculty, Faculty, Success
2025-04-30 14:31:51,154 - INFO - User faculty (Faculty) logged in successfully
2025-04-30 14:32:43,606 - INFO - Displayed attendance for 2025-04-30
2025-04-30 14:32:44,213 - INFO - Displayed attendance for 2025-04-30
2025-04-30 14:32:44,424 - INFO - Displayed attendance for 2025-04-30
2025-04-30 14:32:50,611 - INFO - Database connection established
2025-04-30 14:32:50,613 - INFO - Database tables created successfully
2025-04-30 14:32:50,847 - WARNING - No face encodings found in face_data/7736/2.jpg
2025-04-30 14:32:50,868 - WARNING - No face encodings found in face_data/7736/3.jpg
2025-04-30 14:32:50,892 - WARNING - No face encodings found in face_data/7736/1.jpg
2025-04-30 14:32:50,893 - WARNING - No face encodings found in face_data/7736/0.jpg
2025-04-30 14:32:50,899 - WARNING - No face encodings found in face_data/009/8.jpg
2025-04-30 14:32:50,905 - WARNING - No face encodings found in face_data/009/9.jpg
2025-04-30 14:32:50,906 - WARNING - No face encodings found in face_data/009/4.jpg
2025-04-30 14:32:50,912 - WARNING - No face encodings found in face_data/009/5.jpg
2025-04-30 14:32:50,917 - WARNING - No face encodings found in face_data/009/7.jpg
2025-04-30 14:32:50,920 - WARNING - No face encodings found in face_data/009/6.jpg
2025-04-30 14:32:50,967 - WARNING - No face encodings found in face_data/009/3.jpg
2025-04-30 14:32:51,008 - WARNING - No face encodings found in face_data/009/0.jpg
2025-04-30 14:32:51,041 - WARNING - No face encodings found in face_data/5588/9.jpg
2025-04-30 14:32:51,075 - WARNING - No face encodings found in face_data/5588/5.jpg
2025-04-30 14:32:51,076 - WARNING - No face encodings found in face_data/5588/7.jpg
2025-04-30 14:32:51,142 - WARNING - No face encodings found in face_data/5588/3.jpg
2025-04-30 14:32:51,176 - WARNING - No face encodings found in face_data/5588/0.jpg
2025-04-30 14:32:51,691 - WARNING - No face encodings found in face_data/0102/8.jpg
2025-04-30 14:32:51,739 - WARNING - No face encodings found in face_data/0102/4.jpg
2025-04-30 14:32:51,740 - WARNING - No face encodings found in face_data/0102/5.jpg
2025-04-30 14:32:51,742 - WARNING - No face encodings found in face_data/0102/7.jpg
2025-04-30 14:32:51,744 - WARNING - No face encodings found in face_data/0102/6.jpg
2025-04-30 14:32:51,745 - WARNING - No face encodings found in face_data/0102/2.jpg
2025-04-30 14:32:51,747 - WARNING - No face encodings found in face_data/0102/3.jpg
2025-04-30 14:32:51,748 - WARNING - No face encodings found in face_data/0102/1.jpg
2025-04-30 14:32:51,750 - WARNING - No face encodings found in face_data/0102/0.jpg
2025-04-30 14:32:52,161 - INFO - Loaded 34 known faces from 6 students
2025-04-30 14:32:52,169 - ERROR - Validation error for attendance view: not enough values to unpack (expected 4, got 3)
2025-04-30 14:34:52,191 - INFO - Database connection established
2025-04-30 14:34:52,194 - INFO - Database tables created successfully
2025-04-30 14:34:52,443 - WARNING - No face encodings found in face_data/7736/2.jpg
2025-04-30 14:34:52,466 - WARNING - No face encodings found in face_data/7736/3.jpg
2025-04-30 14:34:52,489 - WARNING - No face encodings found in face_data/7736/1.jpg
2025-04-30 14:34:52,491 - WARNING - No face encodings found in face_data/7736/0.jpg
2025-04-30 14:34:52,497 - WARNING - No face encodings found in face_data/009/8.jpg
2025-04-30 14:34:52,503 - WARNING - No face encodings found in face_data/009/9.jpg
2025-04-30 14:34:52,505 - WARNING - No face encodings found in face_data/009/4.jpg
2025-04-30 14:34:52,511 - WARNING - No face encodings found in face_data/009/5.jpg
2025-04-30 14:34:52,516 - WARNING - No face encodings found in face_data/009/7.jpg
2025-04-30 14:34:52,519 - WARNING - No face encodings found in face_data/009/6.jpg
2025-04-30 14:34:52,569 - WARNING - No face encodings found in face_data/009/3.jpg
2025-04-30 14:34:52,612 - WARNING - No face encodings found in face_data/009/0.jpg
2025-04-30 14:34:52,648 - WARNING - No face encodings found in face_data/5588/9.jpg
2025-04-30 14:34:52,684 - WARNING - No face encodings found in face_data/5588/5.jpg
2025-04-30 14:34:52,686 - WARNING - No face encodings found in face_data/5588/7.jpg
2025-04-30 14:34:52,756 - WARNING - No face encodings found in face_data/5588/3.jpg
2025-04-30 14:34:52,795 - WARNING - No face encodings found in face_data/5588/0.jpg
2025-04-30 14:34:53,341 - WARNING - No face encodings found in face_data/0102/8.jpg
2025-04-30 14:34:53,394 - WARNING - No face encodings found in face_data/0102/4.jpg
2025-04-30 14:34:53,396 - WARNING - No face encodings found in face_data/0102/5.jpg
2025-04-30 14:34:53,399 - WARNING - No face encodings found in face_data/0102/7.jpg
2025-04-30 14:34:53,400 - WARNING - No face encodings found in face_data/0102/6.jpg
2025-04-30 14:34:53,402 - WARNING - No face encodings found in face_data/0102/2.jpg
2025-04-30 14:34:53,404 - WARNING - No face encodings found in face_data/0102/3.jpg
2025-04-30 14:34:53,405 - WARNING - No face encodings found in face_data/0102/1.jpg
2025-04-30 14:34:53,407 - WARNING - No face encodings found in face_data/0102/0.jpg
2025-04-30 14:34:53,836 - INFO - Loaded 34 known faces from 6 students
2025-04-30 14:34:53,845 - INFO - Displayed attendance for 2025-04-30
2025-04-30 14:36:36,561 - ERROR - Capture faces failed: No roll number provided
2025-04-30 14:36:58,040 - ERROR - Capture faces failed: No roll number provided
2025-04-30 14:37:02,264 - ERROR - Validation error for : Roll number is required and must be 20 characters or less
2025-04-30 14:37:56,188 - ERROR - Unexpected error for 2250556148: 'Database' object has no attribute 'check_rollno_exists'
2025-04-30 14:38:48,275 - ERROR - Unexpected error for 143: 'Database' object has no attribute 'check_rollno_exists'
2025-04-30 14:39:17,071 - INFO - Captured 10 face images for 143
2025-04-30 14:39:21,852 - INFO - Face images captured and verified for rollno: 143
2025-04-30 14:39:23,120 - ERROR - Unexpected error for 143: 'Database' object has no attribute 'check_rollno_exists'
2025-04-30 14:39:48,271 - ERROR - Unexpected error for 2050556188: 'Database' object has no attribute 'check_rollno_exists'
2025-04-30 14:50:44,935 - INFO - Database connection established
2025-04-30 14:50:44,939 - INFO - Database tables created successfully
2025-04-30 14:50:45,176 - WARNING - No face encodings found in face_data/7736/2.jpg
2025-04-30 14:50:45,198 - WARNING - No face encodings found in face_data/7736/3.jpg
2025-04-30 14:50:45,220 - WARNING - No face encodings found in face_data/7736/1.jpg
2025-04-30 14:50:45,221 - WARNING - No face encodings found in face_data/7736/0.jpg
2025-04-30 14:50:45,227 - WARNING - No face encodings found in face_data/009/8.jpg
2025-04-30 14:50:45,233 - WARNING - No face encodings found in face_data/009/9.jpg
2025-04-30 14:50:45,235 - WARNING - No face encodings found in face_data/009/4.jpg
2025-04-30 14:50:45,240 - WARNING - No face encodings found in face_data/009/5.jpg
2025-04-30 14:50:45,245 - WARNING - No face encodings found in face_data/009/7.jpg
2025-04-30 14:50:45,248 - WARNING - No face encodings found in face_data/009/6.jpg
2025-04-30 14:50:45,295 - WARNING - No face encodings found in face_data/009/3.jpg
2025-04-30 14:50:45,335 - WARNING - No face encodings found in face_data/009/0.jpg
2025-04-30 14:50:45,976 - WARNING - No face encodings found in face_data/5588/9.jpg
2025-04-30 14:50:46,009 - WARNING - No face encodings found in face_data/5588/5.jpg
2025-04-30 14:50:46,011 - WARNING - No face encodings found in face_data/5588/7.jpg
2025-04-30 14:50:46,078 - WARNING - No face encodings found in face_data/5588/3.jpg
2025-04-30 14:50:46,111 - WARNING - No face encodings found in face_data/5588/0.jpg
2025-04-30 14:50:46,621 - WARNING - No face encodings found in face_data/0102/8.jpg
2025-04-30 14:50:46,670 - WARNING - No face encodings found in face_data/0102/4.jpg
2025-04-30 14:50:46,671 - WARNING - No face encodings found in face_data/0102/5.jpg
2025-04-30 14:50:46,674 - WARNING - No face encodings found in face_data/0102/7.jpg
2025-04-30 14:50:46,676 - WARNING - No face encodings found in face_data/0102/6.jpg
2025-04-30 14:50:46,677 - WARNING - No face encodings found in face_data/0102/2.jpg
2025-04-30 14:50:46,679 - WARNING - No face encodings found in face_data/0102/3.jpg
2025-04-30 14:50:46,680 - WARNING - No face encodings found in face_data/0102/1.jpg
2025-04-30 14:50:46,682 - WARNING - No face encodings found in face_data/0102/0.jpg
2025-04-30 14:50:47,095 - INFO - Loaded 44 known faces from 7 students
2025-04-30 14:50:47,105 - INFO - Displayed attendance for 2025-04-30
2025-04-30 14:51:01,183 - INFO - Login attempt: faculty, Faculty, Success
2025-04-30 14:51:02,463 - INFO - User faculty (Faculty) logged in successfully
2025-04-30 14:51:16,269 - INFO - User logged out
2025-04-30 14:52:01,388 - ERROR - Validation error for 112233: Face images must be captured and verified
2025-04-30 14:52:07,976 - INFO - Captured 10 face images for 112233
2025-04-30 14:52:11,686 - INFO - Face images captured and verified for rollno: 112233
2025-04-30 14:52:12,927 - INFO - Added student: 112233
2025-04-30 14:52:13,136 - WARNING - No face encodings found in face_data/7736/2.jpg
2025-04-30 14:52:13,157 - WARNING - No face encodings found in face_data/7736/3.jpg
2025-04-30 14:52:13,180 - WARNING - No face encodings found in face_data/7736/1.jpg
2025-04-30 14:52:13,181 - WARNING - No face encodings found in face_data/7736/0.jpg
2025-04-30 14:52:13,187 - WARNING - No face encodings found in face_data/009/8.jpg
2025-04-30 14:52:13,193 - WARNING - No face encodings found in face_data/009/9.jpg
2025-04-30 14:52:13,195 - WARNING - No face encodings found in face_data/009/4.jpg
2025-04-30 14:52:13,200 - WARNING - No face encodings found in face_data/009/5.jpg
2025-04-30 14:52:13,205 - WARNING - No face encodings found in face_data/009/7.jpg
2025-04-30 14:52:13,209 - WARNING - No face encodings found in face_data/009/6.jpg
2025-04-30 14:52:13,256 - WARNING - No face encodings found in face_data/009/3.jpg
2025-04-30 14:52:13,295 - WARNING - No face encodings found in face_data/009/0.jpg
2025-04-30 14:52:14,433 - WARNING - No face encodings found in face_data/5588/9.jpg
2025-04-30 14:52:14,466 - WARNING - No face encodings found in face_data/5588/5.jpg
2025-04-30 14:52:14,468 - WARNING - No face encodings found in face_data/5588/7.jpg
2025-04-30 14:52:14,533 - WARNING - No face encodings found in face_data/5588/3.jpg
2025-04-30 14:52:14,567 - WARNING - No face encodings found in face_data/5588/0.jpg
2025-04-30 14:52:15,066 - WARNING - No face encodings found in face_data/0102/8.jpg
2025-04-30 14:52:15,115 - WARNING - No face encodings found in face_data/0102/4.jpg
2025-04-30 14:52:15,116 - WARNING - No face encodings found in face_data/0102/5.jpg
2025-04-30 14:52:15,119 - WARNING - No face encodings found in face_data/0102/7.jpg
2025-04-30 14:52:15,120 - WARNING - No face encodings found in face_data/0102/6.jpg
2025-04-30 14:52:15,122 - WARNING - No face encodings found in face_data/0102/2.jpg
2025-04-30 14:52:15,123 - WARNING - No face encodings found in face_data/0102/3.jpg
2025-04-30 14:52:15,125 - WARNING - No face encodings found in face_data/0102/1.jpg
2025-04-30 14:52:15,127 - WARNING - No face encodings found in face_data/0102/0.jpg
2025-04-30 14:52:15,529 - INFO - Loaded 54 known faces from 8 students
2025-04-30 14:52:15,529 - INFO - Face recognition model retrained
2025-04-30 14:52:17,173 - INFO - Student 112233 registered successfully
2025-04-30 14:52:19,736 - INFO - User logged out
2025-04-30 14:52:28,797 - INFO - Login attempt: faculty, Faculty, Success
2025-04-30 14:52:30,028 - INFO - User faculty (Faculty) logged in successfully
2025-04-30 14:52:32,897 - INFO - Starting face recognition for attendance
2025-04-30 14:52:38,871 - INFO - Confident recognition of 112233 after 5 detections
2025-04-30 14:52:39,278 - INFO - Attendance marked for 112233 by faculty faculty
2025-04-30 14:52:39,278 - INFO - Attendance marked for 112233 by faculty faculty
2025-04-30 14:52:40,658 - INFO - Attendance marked for students: 112233
2025-04-30 14:52:40,662 - INFO - Displayed attendance for 2025-04-30
2025-04-30 14:52:46,441 - INFO - User logged out
2025-04-30 14:52:55,077 - INFO - Login attempt: admin, Faculty, Failed
2025-04-30 14:52:56,508 - WARNING - Failed login attempt for admin (Faculty)
2025-04-30 14:52:58,836 - INFO - Login attempt: admin, Admin, Success
2025-04-30 14:52:59,804 - INFO - User admin (Admin) logged in successfully
2025-04-30 14:53:37,389 - INFO - Generated attendance report for 2025-04-30 to 2025-04-30
2025-04-30 17:53:10,513 - INFO - Database connection established
2025-04-30 17:53:10,555 - INFO - Database tables created successfully
2025-04-30 17:53:10,877 - WARNING - No face encodings found in face_data/7736/2.jpg
2025-04-30 17:53:10,900 - WARNING - No face encodings found in face_data/7736/3.jpg
2025-04-30 17:53:10,925 - WARNING - No face encodings found in face_data/7736/1.jpg
2025-04-30 17:53:10,927 - WARNING - No face encodings found in face_data/7736/0.jpg
2025-04-30 17:53:10,933 - WARNING - No face encodings found in face_data/009/8.jpg
2025-04-30 17:53:10,939 - WARNING - No face encodings found in face_data/009/9.jpg
2025-04-30 17:53:10,941 - WARNING - No face encodings found in face_data/009/4.jpg
2025-04-30 17:53:10,947 - WARNING - No face encodings found in face_data/009/5.jpg
2025-04-30 17:53:10,952 - WARNING - No face encodings found in face_data/009/7.jpg
2025-04-30 17:53:10,956 - WARNING - No face encodings found in face_data/009/6.jpg
2025-04-30 17:53:11,003 - WARNING - No face encodings found in face_data/009/3.jpg
2025-04-30 17:53:11,044 - WARNING - No face encodings found in face_data/009/0.jpg
2025-04-30 17:53:12,202 - WARNING - No face encodings found in face_data/5588/9.jpg
2025-04-30 17:53:12,237 - WARNING - No face encodings found in face_data/5588/5.jpg
2025-04-30 17:53:12,239 - WARNING - No face encodings found in face_data/5588/7.jpg
2025-04-30 17:53:12,305 - WARNING - No face encodings found in face_data/5588/3.jpg
2025-04-30 17:53:12,339 - WARNING - No face encodings found in face_data/5588/0.jpg
2025-04-30 17:53:12,871 - WARNING - No face encodings found in face_data/0102/8.jpg
2025-04-30 17:53:12,924 - WARNING - No face encodings found in face_data/0102/4.jpg
2025-04-30 17:53:12,925 - WARNING - No face encodings found in face_data/0102/5.jpg
2025-04-30 17:53:12,928 - WARNING - No face encodings found in face_data/0102/7.jpg
2025-04-30 17:53:12,929 - WARNING - No face encodings found in face_data/0102/6.jpg
2025-04-30 17:53:12,931 - WARNING - No face encodings found in face_data/0102/2.jpg
2025-04-30 17:53:12,933 - WARNING - No face encodings found in face_data/0102/3.jpg
2025-04-30 17:53:12,934 - WARNING - No face encodings found in face_data/0102/1.jpg
2025-04-30 17:53:12,936 - WARNING - No face encodings found in face_data/0102/0.jpg
2025-04-30 17:53:13,351 - INFO - Loaded 54 known faces from 8 students
2025-04-30 17:53:13,377 - INFO - Displayed attendance for 2025-04-30
2025-04-30 17:53:22,064 - INFO - Login attempt: faculty, Admin, Failed
2025-04-30 17:53:23,911 - WARNING - Failed login attempt for faculty (Admin)
2025-04-30 17:53:27,315 - INFO - Login attempt: faculty, Faculty, Success
2025-04-30 17:53:28,595 - INFO - User faculty (Faculty) logged in successfully
